I'm sorry, but errors were detected in your script. Please correct the
errors listed below, and try again.


File "game/script.rpy", line 32: Line is followed by a block, despite not being a menu choice. Did you forget a colon at the end of the line?
    "Let's go!"
               ^

Ren'Py Version: Ren'Py 8.3.0.24082114
Fri Aug 22 19:01:25 2025
